  Ôû▓ Next.js 14.2.18

   Creating an optimized production build ...
 Ô£ô Compiled successfully
   Linting and checking validity of types ...
   Collecting page data ...
   Generating static pages (0/56) ...
   Generating static pages (14/56) 
   Generating static pages (28/56) 
   Generating static pages (42/56) 
 Ô£ô Generating static pages (56/56)
   Finalizing page optimization ...
   Collecting build traces ...

Route (app)                                                   Size     First Load JS
Ôöî ãÆ /                                                         8.17 kB         114 kB
Ôö£ Ôùï /_not-found                                               876 B          88.1 kB
Ôö£ Ôùï /admin                                                    163 B          87.4 kB
Ôö£ ãÆ /admin/dashboard                                          163 B          87.4 kB
Ôö£ ãÆ /admin/integrations                                       204 B          94.2 kB
Ôö£ Ôùï /admin/login                                              1.55 kB         169 kB
Ôö£ ãÆ /admin/logs                                               163 B          87.4 kB
Ôö£ ãÆ /admin/scans                                              3.56 kB         105 kB
Ôö£ ãÆ /admin/scans/[id]                                         197 B          94.2 kB
Ôö£ ãÆ /admin/settings                                           189 B           155 kB
Ôö£ ãÆ /admin/stores                                             3.24 kB         118 kB
Ôö£ ãÆ /admin/subscriptions                                      3.85 kB         105 kB
Ôö£ ãÆ /admin/users                                              6.75 kB         148 kB
Ôö£ ãÆ /admin/users/[id]                                         204 B          94.2 kB
Ôö£ ãÆ /api/admin/audit/list                                     0 B                0 B
Ôö£ ãÆ /api/admin/onboarding/reset                               0 B                0 B
Ôö£ ãÆ /api/admin/scans/retry                                    0 B                0 B
Ôö£ ãÆ /api/admin/stores/delete                                  0 B                0 B
Ôö£ ãÆ /api/admin/stores/rescan                                  0 B                0 B
Ôö£ ãÆ /api/admin/subscriptions/reset-trial                      0 B                0 B
Ôö£ ãÆ /api/admin/subscriptions/set-plan                         0 B                0 B
Ôö£ ãÆ /api/admin/subscriptions/toggle-advice                    0 B                0 B
Ôö£ ãÆ /api/admin/toggle-role                                    0 B                0 B
Ôö£ ãÆ /api/admin/users/[userId]/ban                             0 B                0 B
Ôö£ ãÆ /api/admin/users/[userId]/reset-password                  0 B                0 B
Ôö£ ãÆ /api/admin/users/[userId]/role                            0 B                0 B
Ôö£ ãÆ /api/admin/users/[userId]/subscription/activate-lifetime  0 B                0 B
Ôö£ ãÆ /api/admin/users/[userId]/unban                           0 B                0 B
Ôö£ ãÆ /api/admin/users/create                                   0 B                0 B
Ôö£ ãÆ /api/admin/users/delete                                   0 B                0 B
Ôö£ ãÆ /api/auth/signup                                          0 B                0 B
Ôö£ ãÆ /api/billing/checkout                                     0 B                0 B
Ôö£ ãÆ /api/billing/portal                                       0 B                0 B
Ôö£ ãÆ /api/coach/message                                        0 B                0 B
Ôö£ ãÆ /api/coach/messages                                       0 B                0 B
Ôö£ ãÆ /api/integrations/prestashop/connect                      0 B                0 B
Ôö£ ãÆ /api/integrations/shopify/callback                        0 B                0 B
Ôö£ ãÆ /api/integrations/shopify/disconnect                      0 B                0 B
Ôö£ ãÆ /api/integrations/shopify/start                           0 B                0 B
Ôö£ ãÆ /api/integrations/status                                  0 B                0 B
Ôö£ ãÆ /api/integrations/woocommerce/connect                     0 B                0 B
Ôö£ ãÆ /api/paywall/shown                                        0 B                0 B
Ôö£ ãÆ /api/scan/[id]                                            0 B                0 B
Ôö£ ãÆ /api/scan/[id]/events                                     0 B                0 B
Ôö£ ãÆ /api/scan/start                                           0 B                0 B
Ôö£ ãÆ /api/store/[id]                                           0 B                0 B
Ôö£ ãÆ /api/store/create                                         0 B                0 B
Ôö£ ãÆ /api/store/select                                         0 B                0 B
Ôö£ ãÆ /api/stripe/webhook                                       0 B                0 B
Ôö£ ãÆ /app/billing                                              163 B          87.4 kB
Ôö£ ãÆ /app/coach                                                5.41 kB         106 kB
Ôö£ ãÆ /app/dashboard                                            36.3 kB         130 kB
Ôö£ ãÆ /app/integrations                                         4.94 kB         288 kB
Ôö£ ãÆ /app/issues                                               197 B          94.2 kB
Ôö£ ãÆ /app/scans                                                3.44 kB         119 kB
Ôö£ ãÆ /app/scans/[id]                                           14 kB           131 kB
Ôö£ ãÆ /app/settings                                             202 B           162 kB
Ôö£ ãÆ /auth/callback                                            0 B                0 B
Ôö£ ãÆ /debug                                                    163 B          87.4 kB
Ôö£ Ôùï /login                                                    2.9 kB          170 kB
Ôö£ Ôùï /mentions-legales                                         197 B          94.2 kB
Ôö£ ãÆ /onboarding                                               6.54 kB         328 kB
Ôö£ Ôùï /privacy                                                  197 B          94.2 kB
Ôö£ Ôùï /signup                                                   4.6 kB          167 kB
Ôöö Ôùï /terms                                                    197 B          94.2 kB
+ First Load JS shared by all                                 87.2 kB
  Ôö£ chunks/2117-a74efd809e838778.js                           31.6 kB
  Ôö£ chunks/fd9d1056-31418c89ff055462.js                       53.6 kB
  Ôöö other shared chunks (total)                               1.96 kB


ãÆ Middleware                                                  74.9 kB

Ôùï  (Static)   prerendered as static content
ãÆ  (Dynamic)  server-rendered on demand

